
out.elf:     file format elf32-tms9900


Disassembly of section .vectors:

00000000 <.vectors>:
   0:	10 00       	jmp 0
   2:	01 00       	data 0100

Disassembly of section .text:

00000100 <_start>:
 100:	03 00 00 00 	limi >0000
 104:	02 e0 10 00 	lwpi >1000
 108:	02 0a 40 00 	li r10, >4000
 10c:	02 00 02 90 	li r0, >0290
 110:	02 01 10 40 	li r1, >1040
 114:	02 02 10 40 	li r2, >1040

00000118 <copy_data>:
 118:	80 81       	c r1, r2
 11a:	14 02       	jhe 4
 11c:	cc 70       	mov *r0+, *r1+
 11e:	10 fc       	jmp -8

00000120 <data_done>:
 120:	02 01 10 40 	li r1, >1040
 124:	02 02 10 40 	li r2, >1040

00000128 <zero_bss>:
 128:	80 81       	c r1, r2
 12a:	14 02       	jhe 4
 12c:	04 f1       	clr *r1+
 12e:	10 fc       	jmp -8

00000130 <bss_done>:
 130:	06 a0 01 a2 	bl @>01A2

00000134 <hang>:
 134:	10 ff       	jmp -2

00000136 <LC0>:
 136:	54 4d       	szcb r13, *r1
 138:	53 20 55 6e 	szcb @>556E, r12
 13c:	69 78 20 31 	s *r8+, @>2031(r5)
 140:	2e 30       	xop *r0+, 8
 142:	20 74       	coc *r4+, r1
 144:	74 79       	sb *r9+, *r1
 146:	31 21 0d 0a 	ldcr @>0D0A(r1), 4
 14a:	0d 0a       	data 0D0A
 14c:	6c 6f 67 69 	s @>6769(r15), *r1+
 150:	6e 3a       	s *r10+, *r8+
 152:	20 72       	coc *r2+, r1
 154:	6f 6f 74 0d 	s @>740D(r15), *r13+
 158:	0a 70       	sla r0, 7
 15a:	61 73       	s *r3+, r5
 15c:	73 77       	sb *r7+, r13
 15e:	6f 72       	s *r2+, *r13+
 160:	64 3a       	s *r10+, *r0
 162:	0d 0a       	data 0D0A
	...

00000165 <LC1>:
 165:	0d 0a       	data 0D0A
 167:	72 6f 6f 74 	sb @>6F74(r15), r9
 16b:	40 74       	szc *r4+, r1
 16d:	6d 73       	s *r3+, *r5+
 16f:	39 39       	mpy *r9+, r4
 171:	30 30       	ldcr *r0+, 0
 173:	3a 7e       	mpy *r14+, r9
 175:	24 20 00 0d 	czc @>000D, r0

00000178 <LC2>:
 178:	0d 0a       	data 0D0A
 17a:	2f 62 69 6e 	xop @>696E(r2), 13
 17e:	2f 73       	xop *r3+, 13
 180:	68 3a 20 00 	s *r10+, @>2000

00000184 <LC3>:
 184:	3a 20 6e 6f 	mpy @>6E6F, r8
 188:	74 20 66 6f 	sb @>666F, *r0
 18c:	75 6e 64 0d 	sb @>640D(r14), *r5
 190:	0a 72       	sla r2, 7
 192:	6f 6f 74 40 	s @>7440(r15), *r13+
 196:	74 6d 73 39 	sb @>7339(r13), *r1
 19a:	39 30       	mpy *r0+, r4
 19c:	30 3a       	ldcr *r10+, 0
 19e:	7e 24 20 00 	sb @>2000(r4), *r8+

000001a2 <main>:
 1a2:	02 2a ff ea 	ai r10, >FFEA
 1a6:	c6 89       	mov r9, *r10
 1a8:	02 01 01 36 	li r1, >0136
 1ac:	10 09       	jmp 18

000001ae <L22>:
 1ae:	c0 a0 f0 00 	mov @>F000, r2
 1b2:	02 42 00 01 	andi r2, >0001
 1b6:	16 fb       	jne -10
 1b8:	05 81       	inc r1
 1ba:	08 83       	sra r3, 8
 1bc:	c8 03 f0 04 	mov r3, @>F004

000001c0 <L2>:
 1c0:	d0 d1       	movb *r1, r3
 1c2:	16 f5       	jne -22
 1c4:	02 01 01 65 	li r1, >0165
 1c8:	10 09       	jmp 18

000001ca <L21>:
 1ca:	c0 a0 f0 00 	mov @>F000, r2
 1ce:	02 42 00 01 	andi r2, >0001
 1d2:	16 fb       	jne -10
 1d4:	05 81       	inc r1
 1d6:	08 83       	sra r3, 8
 1d8:	c8 03 f0 04 	mov r3, @>F004

000001dc <L4>:
 1dc:	d0 d1       	movb *r1, r3
 1de:	16 f5       	jne -22
 1e0:	04 c1       	clr r1
 1e2:	02 04 0d 00 	li r4, >0D00
 1e6:	c2 4a       	mov r10, r9
 1e8:	05 c9       	inct r9
 1ea:	10 01       	jmp 2

000001ec <L34>:
 1ec:	04 c1       	clr r1

000001ee <L30>:
 1ee:	c0 a0 f0 00 	mov @>F000, r2
 1f2:	02 42 00 02 	andi r2, >0002
 1f6:	13 fb       	jeq -10
 1f8:	c0 e0 f0 02 	mov @>F002, r3
 1fc:	06 c3       	swpb r3
 1fe:	04 e0 f0 06 	clr @>F006
 202:	91 03       	cb r3, r4
 204:	16 31       	jne 98
 206:	02 02 00 02 	li r2, >0002
 20a:	a0 8a       	a r10, r2
 20c:	a0 42       	a r2, r1
 20e:	04 c3       	clr r3
 210:	d4 43       	movb r3, *r1
 212:	02 01 01 78 	li r1, >0178
 216:	10 09       	jmp 18

00000218 <L20>:
 218:	c0 a0 f0 00 	mov @>F000, r2
 21c:	02 42 00 01 	andi r2, >0001
 220:	16 fb       	jne -10
 222:	05 81       	inc r1
 224:	08 83       	sra r3, 8
 226:	c8 03 f0 04 	mov r3, @>F004

0000022a <L8>:
 22a:	d0 d1       	movb *r1, r3
 22c:	16 f5       	jne -22
 22e:	c0 49       	mov r9, r1
 230:	10 09       	jmp 18

00000232 <L19>:
 232:	c0 a0 f0 00 	mov @>F000, r2
 236:	02 42 00 01 	andi r2, >0001
 23a:	16 fb       	jne -10
 23c:	05 81       	inc r1
 23e:	08 83       	sra r3, 8
 240:	c8 03 f0 04 	mov r3, @>F004

00000244 <L10>:
 244:	d0 d1       	movb *r1, r3
 246:	16 f5       	jne -22
 248:	02 01 01 84 	li r1, >0184
 24c:	10 09       	jmp 18

0000024e <L18>:
 24e:	c0 a0 f0 00 	mov @>F000, r2
 252:	02 42 00 01 	andi r2, >0001
 256:	16 fb       	jne -10
 258:	05 81       	inc r1
 25a:	08 83       	sra r3, 8
 25c:	c8 03 f0 04 	mov r3, @>F004

00000260 <L12>:
 260:	d0 d1       	movb *r1, r3
 262:	16 f5       	jne -22
 264:	04 60 01 ec 	b @>01EC

00000268 <L7>:
 268:	c1 60 f0 02 	mov @>F002, r5

0000026c <L15>:
 26c:	c0 a0 f0 00 	mov @>F000, r2
 270:	02 42 00 01 	andi r2, >0001
 274:	16 fb       	jne -10
 276:	02 02 00 02 	li r2, >0002
 27a:	a0 8a       	a r10, r2
 27c:	a0 81       	a r1, r2
 27e:	d4 83       	movb r3, *r2
 280:	05 81       	inc r1
 282:	c0 85       	mov r5, r2
 284:	06 c2       	swpb r2
 286:	08 82       	sra r2, 8
 288:	c8 02 f0 04 	mov r2, @>F004
 28c:	04 60 01 ee 	b @>01EE

Disassembly of section .workspace:

00001000 <_workspace>:
	...
