XAS99 CROSS-ASSEMBLER   VERSION 3.6.5
     **** ****     > boot.a99
0001                       COPY "../mux.a99"
     **** ****     > ../mux.a99
0001      F000     MUX0    EQU >F000
0002      F000     M0STAT  EQU >F000                       ;  Read status: bit 0 = Transmit Busy, bit 1 = Data Received
0003      F002     M0RX    EQU >F002                       ;  Read byte received in 8 LSB
0004      F003     M0RXB   EQU >F003                       ;  Read byte received
0005      F004     M0TX    EQU >F004                       ;  Write byte to send in 8 LSB
0006      F005     M0TXB   EQU >F005                       ;  Write byte to send
0007      F006     M0RST   EQU >F006                       ;  Write to reset interrupt and Data Received status
0008      0002     M0IRQ   EQU >2                          ;  IRQ for Mux0
0009               
0010                                                       ; Mux1 constants
0011      F008     MUX1    EQU >F008
0012      F008     M1STAT  EQU >F008
0013      F00A     M1RX    EQU >F00A
0014      F00B     M1RXB   EQU >F00B
0015      F00C     M1TX    EQU >F00C
0016      F00D     M1TXB   EQU >F00D
0017      F00E     M1RST   EQU >F00E
0018      0003     M1IRQ   EQU >3
                   < boot.a99
0002                       COPY "../addrs.a99"
     **** ****     > ../addrs.a99
0001      0000     VECTORS EQU >0000
0002      0040     TRAPS   EQU >0040
0003      0080     GENERAL EQU >0080
0004      1000     RAM_START EQU >1000
0005      3FFE     RAM_END EQU >3FFE
                   < boot.a99
0003               
0004      0004     TMRIRQ  EQU >4                          ; Timer IRQ
0005      F010     TMRRST  EQU >F010
0006               
0007               ;*************************************************
0008               ;                       Stacks
0009      3ED0     T0_SP   EQU >4000 - >130
0010      3520     T1_SP   EQU >3520
0011               
0012                       DORG >4000 - 128
0013               ;*************************************************
0014               ;                       Task Workspaces
0015 3F80          T0_WP   BSS 32
0016 3FA0          T1_WP   BSS 32
0017               
0018               ;*************************************************
0019               ;                       Scheduler RAM
0020 3FC0          OSWP    BSS 32                          ; Set aside 32 bytes/16 words for primary workspace
0021               
0022               TCBS                                    ; Start of TCB Table
0023 3FE0                  BSS 6                           ; WP,PC,ST
0024 3FE6                  BSS 6
0025               TCBE                                    ; End of TCB Table
0026               
0027 3FEC          TCUR    BSS 2                           ; Pointer to TCB for current task
0028               
0029 3FEE          M0STATC BSS 2
0030 3FF0          M1STATC BSS 2
0031               
0032               ;*************************************************
0033               ;                       ROM Start
0034                       AORG >0000                      ; Reset Vector...
0035 0000 3FC0             DATA OSWP                       ;       OS workspace addr
0036 0002 00AC             DATA UNZIP                      ;       Init code
0037               
0038               M0IRQV  AORG M0IRQ * 4
0039 0008 3FC0             DATA OSWP
0040 000A 0014             DATA ISR_MUX_0
0041               
0042               M1IRQV  AORG M1IRQ * 4
0043 000C 3FC0             DATA OSWP
0044 000E 0014             DATA ISR_MUX_1
0045               
0046               TIMERV  AORG TMRIRQ * 4                 ; Timer Vector
0047 0010 3FC0             DATA OSWP                       ;       OS Workspace
0048 0012 007E             DATA ISR_TIMER                  ;       Scheduler code
0049               
0050               ISR_MUX_0
0051               ISR_MUX_1
0052 0014 C820  42         MOV @M0STAT, @M0STATC
     0016 F000     
     0018 3FEE     
0053 001A C820  42         MOV @M1STAT, @M1STATC
     001C F008     
     001E 3FF0     
0054 0020 04E0  26         CLR @M0RST
     0022 F006     
0055 0024 04E0  26         CLR @M1RST
     0026 F00E     
0056 0028 0380  14         RTWP
0057               
0058               ;*************************************************
0059               ;                       TCB Initialization
0060               TCB_INIT_DATA                           ; Initial Ram Values
0061 002A 3F80             DATA T0_WP, UNZIP_DATA, >0004   ; Task 0 TCB //TODO FIX INT MASK!!!
     002C 1000     
     002E 0004     
0062 0030 3FA0             DATA T1_WP, UNZIP_DATA, >0004   ; Task 1 TCB
     0032 1000     
     0034 0004     
0063               TCB_INIT_DATA_END
0064               
0065               TCB_INIT
0066 0036 0200  12         LI R0, TCB_INIT_DATA            ; Copy TCBs from ROM to RAM
     0038 002A     
0067 003A 0201  12         LI R1, TCBS
     003C 3FE0     
0068 003E 0202  12         LI R2, (TCB_INIT_DATA_END-TCB_INIT_DATA)/2
     0040 0006     
0069               TCB_INIT_COPY
0070 0042 CC70  42         MOV *R0+, *R1+
0071 0044 0602  10         DEC R2
0072 0046 16FD  10         JNE TCB_INIT_COPY
0073               
0074               INIT_STACKS
0075 0048 0201  12         LI R1, MUX0
     004A F000     
0076 004C C801  30         MOV R1, @T0_WP + (1 * 2)
     004E 3F82     
0077 0050 0201  12         LI R1, M0STATC
     0052 3FEE     
0078 0054 C801  30         MOV R1, @T0_WP + (2 * 2)
     0056 3F84     
0079 0058 0201  12         LI R1, T0_SP
     005A 3ED0     
0080 005C C801  30         MOV R1, @T0_WP + (10 * 2)
     005E 3F94     
0081               
0082 0060 0201  12         LI R1, MUX1
     0062 F008     
0083 0064 C801  30         MOV R1, @T1_WP + (1 * 2)
     0066 3FA2     
0084 0068 0201  12         LI R1, M1STATC
     006A 3FF0     
0085 006C C801  30         MOV R1, @T1_WP + (2 * 2)
     006E 3FA4     
0086 0070 0201  12         LI R1, T1_SP
     0072 3520     
0087 0074 C801  30         MOV R1, @T1_WP + (10 * 2)
     0076 3FB4     
0088                       ;B @UNZIP_DATA
0089               
0090                                                       ; Load and run Task 1
0091 0078 0201  12         LI R1, TCBS                     ; Set the first task as the "next" to run
     007A 3FE0     
0092 007C 1011  10         JMP ISR_TIMER_RESUME            ; Jump straight to resume it!
0093               
0094               ;*************************************************
0095               ;                       Scheduler
0096               ISR_TIMER
0097 007E 0300  14         LIMI 0                          ; INT OFF
     0080 0000     
0098 0082 04E0  26         CLR @TMRRST                     ; MMIO Write to clear timer interrupt
     0084 F010     
0099               
0100 0086 C020  26         MOV @TCUR, R0                   ;Load current TCB address to R0
     0088 3FEC     
0101 008A C040  14         MOV R0, R1                      ;Copy to R1...
0102 008C 0221  14         AI R1, >6                       ;and increment to next TCB
     008E 0006     
0103               
0104                                                       ;Loop back around to the first task
0105 0090 0281  14         CI R1, TCBE                     ;If next task is NOT past the end of the TCB Table
     0092 3FEC     
0106 0094 1602  10         JNE ISR_TIMER_SWAP              ;THEN goto SWAP
0107 0096 0201  12         LI R1, TCBS                     ;ELSE set it to the first one
     0098 3FE0     
0108               ISR_TIMER_SWAP
0109               
0110               ISR_TIMER_SUSPEND                       ;Suspend task to TCB in R0
0111 009A CC0D  30         MOV R13, *R0+                   ; Save context to TCB
0112 009C CC0E  30         MOV R14, *R0+
0113 009E CC0F  30         MOV R15, *R0+
0114               ISR_TIMER_RESUME                        ;Resume task from TCB in R1
0115 00A0 C801  30         MOV R1, @TCUR                   ; Save as current task
     00A2 3FEC     
0116 00A4 C371  26         MOV *R1+, R13                   ; Restore context from TCB
0117 00A6 C3B1  26         MOV *R1+, R14
0118 00A8 C3F1  26         MOV *R1+, R15
0119 00AA 0380  14         RTWP
0120               
0121               
0122               ;*************************************************
0123               ;                       Decompress
0124               UNZIP                                   ;Uncompress
0125 00AC 0200  12         LI R0, UNZIP_COMPRESSED_DATA    ;Input data in rom
     00AE 0168     
0126 00B0 0201  12         LI R1, UNZIP_DATA               ;output in ram
     00B2 1000     
0127 00B4 06A0  20         BL @DZX0                        ;Call
     00B6 00BA     
0128 00B8 10BE  10         JMP TCB_INIT
0129               
0130                       COPY "../zx0/dzx0.a99"
     **** ****     > ../zx0/dzx0.a99
0001               ; -----------------------------------------------------------------------------
0002               ; ZX0 decoder for TMS9900
0003               ; Based on Z80 "Standard" version by Einar Saukas & Urusergi
0004               ; Ported for TMS9900 architecture
0005               ; -----------------------------------------------------------------------------
0006               ; Usage:
0007               ;   LI   R0,COMPRESSED_ADDR     ; Source address (compressed data in ROM)
0008               ;   LI   R1,DEST_ADDR           ; Destination address (RAM)
0009               ;   BL   @DZX0
0010               ;   ; On return: R1 points to byte after last decompressed byte
0011               ; -----------------------------------------------------------------------------
0012               ; Register usage:
0013               ;   R0:  Input Pointer
0014               ;   R1:  Output Pointer
0015               ;   R2:  Bit value (current byte being read bit-by-bit)
0016               ;   R3:  Bit mask (0x8000, 0x4000, ... 0x0100, then refill)
0017               ;   R4:  Backtrack
0018               ;   R5:  Last Byte
0019               ;   R6: last_offset
0020               ;   R7: length
0021               ;   R8: i
0022               ;   R9 Elias return
0023               ;   R12: 1 for inverted elias, 0 for normal
0024               ;   R15: Read bit return
0025               ; Scratch R15, R14, R13
0026               ; -----------------------------------------------------------------------------
0027               
0028                                                       ; Uses R13 as scratch
0029               DZX0
0030 00BA C34B  14         MOV R11, R13
0031 00BC 0206  12         LI R6, >1                       ;last_offset = INITIAL_OFFSET = 1
     00BE 0001     
0032 00C0 0203  12         LI R3, >0080                    ;bit mask = 0
     00C2 0080     
0033 00C4 04C4  10         CLR R4                          ;backtrack = 0
0034 00C6 04CC  10         CLR R12
0035               COPY_LITERALS:
0036 00C8 06A0  20         BL @ELIAS
     00CA 014E     
0037               LIT_LOOP:
0038 00CC DC70  38         MOVB *R0+, *R1+                 ; *output_ptr++ = *input_ptr++
0039 00CE 0609  10         DEC R9
0040 00D0 16FD  10         JNE LIT_LOOP
0041               
0042 00D2 06A0  20         BL @READBIT                     ;if (read_bit())
     00D4 0126     
0043 00D6 1607  10         JNE NEW_OFFSET                  ;       goto COPY_FROM_NEW_OFFSET;
0044               
0045                                                       ;Uses R15 as scratch
0046               LAST_OFFSET:
0047 00D8 06A0  20         BL @ELIAS
     00DA 014E     
0048               
0049 00DC 06A0  20         BL @WRITE_OFFSET
     00DE 011A     
0050               
0051 00E0 06A0  20         BL @READBIT                     ;if (!read_bit())
     00E2 0126     
0052 00E4 13F1  10         JEQ COPY_LITERALS               ;       goto COPY_LITERALS;
0053               
0054                                                       ;Uses R15 as scratch
0055               NEW_OFFSET
0056 00E6 058C  10         INC R12                         ;Inverted!
0057 00E8 06A0  20         BL @ELIAS
     00EA 014E     
0058 00EC 04CC  10         CLR R12
0059               
0060 00EE 0289  14         CI R9, >0100                    ; Done condition
     00F0 0100     
0061 00F2 1312  10         JEQ DZX_DONE
0062               
0063 00F4 C189  14         MOV R9, R6                      ;last_offset = read_interlaced_elias_gamma(1);
0064 00F6 D170  24         MOVB *R0+, R5                   ;last_byte = *input_ptr++;
0065               
0066                                                       ;last_offset = last_offset * 128 - (last_byte >> 1);
0067 00F8 0A76  26         SLA R6, 7                       ;last_offset = last_offset * 128
0068 00FA C3C5  14         MOV R5, R15                     ; R15 = last_byte
0069 00FC 06CF  10         SWPB R15
0070 00FE 091F  14         SRL R15, 1                      ; R15 = last_byte >> 1
0071 0100 618F  14         S R15, R6                       ;last_offset = last_offset * 128 - (last_byte >> 1);
0072               
0073 0102 0204  12         LI R4, 1                        ;backtrack = 1
     0104 0001     
0074               
0075 0106 06A0  20         BL @ELIAS
     0108 014E     
0076 010A 0589  10         INC R9                          ; R9 length = read_interlaced_elias_gamma(0) + 1;
0077 010C 06A0  20         BL @WRITE_OFFSET
     010E 011A     
0078               
0079 0110 06A0  20         BL @READBIT
     0112 0126     
0080 0114 16E8  10         JNE NEW_OFFSET
0081 0116 10D8  10         JMP COPY_LITERALS
0082               DZX_DONE
0083 0118 045D  16         B *R13
0084               
0085                                                       ;Uses R15 as Scratch & Return Value
0086               WRITE_OFFSET                            ;Leaf function, no need to store R11
0087 011A C3C1  14         MOV R1, R15                     ; R6 = current output_ptr
0088 011C 63C6  14         S R6, R15                       ; R6 = output_ptr - last_offset
0089               WRITE_OFFSET_LOOP:
0090 011E DC7F  38         MOVB *R15+, *R1+                ; *output_ptr++ = *(output_ptr - offset)++
0091 0120 0609  10         DEC R9
0092 0122 16FD  10         JNE WRITE_OFFSET_LOOP
0093 0124 045B  16         B *R11
0094               
0095               
0096                                                       ;Uses R15 as Scratch & Return Value
0097               READBIT                                 ;Leaf function, no need to store R11
0098 0126 C104  14         MOV R4, R4
0099 0128 1305  10         JEQ READBIT_NO_BACKTRACK
0100 012A 04C4  10         CLR R4
0101 012C C3C5  14         MOV R5, R15
0102 012E 024F  14         ANDI R15, >0100
     0130 0100     
0103 0132 045B  16         B *R11
0104               READBIT_NO_BACKTRACK
0105 0134 0283  14         CI R3, >0080                    ;Has the bit fallen off the high bit?
     0136 0080     
0106 0138 1603  10         JNE READBIT_HAVE_BYTE           ; if not there are still bits left to read
0107 013A D0B0  24         MOVB *R0+, R2                   ;read the new byte
0108 013C 0203  12         LI R3, >8000                    ;reset the bit mask
     013E 8000     
0109               READBIT_HAVE_BYTE
0110 0140 04CF  10         CLR R15                         ;Prepare to return zero
0111 0142 2083  14         COC R3, R2                      ;Check byte vs mask
0112 0144 1601  10         JNE READBIT_ZERO                ;Jump to zero return
0113 0146 058F  10         INC R15                         ;Change return to one
0114               READBIT_ZERO
0115 0148 0913  14         SRL R3, 1                       ;Shift mask
0116 014A C3CF  14         MOV R15, R15                    ;Reload return value so callers can just use EQ status bit
0117 014C 045B  16         B *R11
0118               
0119                                                       ;Uses R14 as scratch
0120                                                       ;Retrns in R9
0121               ELIAS
0122 014E C38B  14         MOV R11, R14                    ; Save return address
0123 0150 0209  12         LI R9, 1                        ; value = 1
     0152 0001     
0124               ELIAS_LOOP
0125 0154 06A0  20         BL @READBIT                     ; Read data bit
     0156 0126     
0126 0158 1606  10         JNE ELIAS_DONE                  ; If bit=1, done
0127                                                       ; Data bit was 0, continue
0128 015A 0A19  14         SLA R9, 1                       ; value <<= 1
0129 015C 06A0  20         BL @READBIT                     ; Read value bit
     015E 0126     
0130 0160 2BCC  14         XOR R12, R15                    ; possibly invert the one bit
0131 0162 A24F  14         A R15, R9                       ; R15 is 1 or zero, add it
0132 0164 10F7  10         JMP ELIAS_LOOP
0133               ELIAS_DONE
0134 0166 045E  16         B *R14
                   < boot.a99
0131               
0132               UNZIP_COMPRESSED_DATA
0133 0168 0539             BCOPY "forth.romz"
     016A 06A0     
     016C 112A     
     016E 10FF     
     0170 302D     
     0172 064A     
     0174 C68E     
     0176 C202     
     0178 A203     
     017A 04C4     
     017C D604     
     017E 0603     
     0180 C001     
     0182 1605     
     0184 C042     
     0186 A043     
     0188 D460     
     018A 1006     
     018C 102E     
     018E 04CE     
     0190 E106     
     0192 1504     
     0194 1303     
     0196 020E     
     0198 0001     
     019A 0501     
     019C 0207     
     019E 000A     
     01A0 1017     
     01A2 C101     
     01A4 0744     
     01A6 C184     
     01A8 0705     
     01AA 1191     
     01AC BB04     
     01AE C53D     
     01B0 47C1     
     01B2 4602     
     01B4 2500     
     01B6 3006     
     01B8 C5D6     
     01BA 8928     
     01BC 9EE5     
     01BE 4407     
     01C0 04D0     
     01C2 AEC4     
     01C4 C3E4     
     01C6 41F1     
     01C8 E805     
     01CA 04C0     
     01CC 4406     
     01CE 087C     
     01D0 3DE6     
     01D2 C00E     
     01D4 1354     
     01D6 BA07     
     01D8 380A     
     01DA 4305     
     01DC 81A0     
     01DE 02C3     
     01E0 BA04     
     01E2 5BC1     
     01E4 2108     
     01E6 ACE1     
     01E8 2DA7     
     01EA 9004     
     01EC 2000     
     01EE 10D4     
     01F0 0243     
     01F2 8E35     
     01F4 1302     
     01F6 E081     
     01F8 E08C     
     01FA C0E1     
     01FC 08AA     
     01FE 0223     
     0200 0004     
     0202 E7FF     
     0204 0045     
     0206 C4C4     
     0208 B4DC     
     020A 94EA     
     020C C513     
     020E C160     
     0210 14F4     
     0212 A082     
     0214 C0C5     
     0216 A0C2     
     0218 D193     
     021A 90C8     
     021C 5680     
     021E C4BB     
     0220 D113     
     0222 84FF     
     0224 91E5     
     0226 9189     
     0228 82DD     
     022A C4D4     
     022C A085     
     022E BE22     
     0230 B99C     
     0232 A1FA     
     0234 AA93     
     0236 425A     
     0238 F6A6     
     023A A188     
     023C 22AA     
     023E D0C4     
     0240 83A8     
     0242 83A1     
     0244 89C0     
     0246 61B6     
     0248 91C9     
     024A 4F72     
     024C 7468     
     024E 2E0D     
     0250 0AB1     
     0252 650B     
     0254 3802     
     0256 2AFF     
     0258 F8C0     
     025A 0ACC     
     025C 0BCC     
     025E 0CCC     
     0260 0EC4     
     0262 0FE5     
     0264 72F7     
     0266 20C3     
     0268 81C3     
     026A 9BE2     
     026C 02C9     
     026E C04A     
     0270 BC21     
     0272 6184     
     0274 6DD8     
     0276 15A6     
     0278 CA8E     
     027A 08BA     
     027C CA8F     
     027E 08BC     
     0280 D586     
     0282 115E     
     0284 97DF     
     0286 9EE1     
     0288 5A02     
     028A 2E41     
     028C 4A02     
     028E 0100     
     0290 7AC7     
     0292 81AA     
     0294 AABC     
     0296 A96A     
     0298 BAE8     
     029A B186     
     029C 6A52     
     029E 9641     
     02A0 FF82     
     02A2 CC61     
     02A4 6A14     
     02A6 02AB     
     02A8 4642     
     02AA E3E4     
     02AC C051     
     02AE E39C     
     02B0 C481     
     02B2 D830     
     02B4 FE19     
     02B6 AEE0     
     02B8 88A5     
     02BA C268     
     02BC BE5A     
     02BE 6F52     
     02C0 2AC3     
     02C2 8A2E     
     02C4 36A5     
     02C6 2B24     
     02C8 0E4E     
     02CA 8A7D     
     02CC 21A6     
     02CE D781     
     02D0 61E0     
     02D2 ECD8     
     02D4 1084     
     02D6 C16A     
     02D8 E58D     
     02DA C12A     
     02DC 6365     
     02DE 0226     
     02E0 78BC     
     02E2 C811     
     02E4 2059     
     02E6 8612     
     02E8 3080     
     02EA D582     
     02EC 1218     
     02EE 0581     
     02F0 8E82     
     02F2 C5FD     
     02F4 1F54     
     02F6 D091     
     02F8 16F4     
     02FA 682E     
     02FC 0C75     
     02FE 3A02     
     0300 0F81     
     0302 C063     
     0304 C0D1     
     0306 AAAC     
     0308 0237     
     030A 10C1     
     030C A496     
     030E C5C4     
     0310 73C1     
     0312 1306     
     0314 C4A6     
     0316 45D7     
     0318 06F7     
     031A 3F58     
     031C B8EA     
     031E 547A     
     0320 0E44     
     0322 A046     
     0324 8AC1     
     0326 5196     
     0328 45DC     
     032A 7690     
     032C D69D     
     032E AA44     
     0330 85B7     
     0332 45DC     
     0334 A26A     
     0336 2AC4     
     0338 5583     
     033A B80D     
     033C BCB6     
     033E D8D8     
     0340 A1B0     
     0342 AA91     
     0344 425B     
     0346 AC64     
     0348 24A5     
     034A 0A33     
     034C B7F7     
     034E 8DD9     
     0350 3DA1     
     0352 F4DA     
     0354 2016     
     0356 09C0     
     0358 8A2C     
     035A DA9C     
     035C 1C99     
     035E 0207     
     0360 9F04     
     0362 C210     
     0364 0A98     
     0366 0211     
     0368 281B     
     036A 07D0     
     036C C209     
     036E 83A0     
     0370 CAD4     
     0372 C4D0     
     0374 6011     
     0376 27B0     
     0378 8198     
     037A E43A     
     037C 04C1     
     037E D4C1     
     0380 480D     
     0382 42D0     
     0384 092D     
     0386 7A1C     
     0388 F41B     
     038A 095A     
     038C 18D6     
     038E 0D14     
     0390 6088     
     0392 FFFC     
     0394 C101     
     0396 3098     
     0398 1213     
     039A 1AA8     
     039C E009     
     039E C9F3     
     03A0 0E05     
     03A2 8F07     
     03A4 0904     
     03A6 CE02     
     03A8 0316     
     03AA 1C10     
     03AC 196D     
     03AE 2313     
     03B0 1883     
     03B2 4513     
     03B4 1912     
     03B6 0A4A     
     03B8 CCA7     
     03BA 0744     
     03BC CA83     
     03BE 24D1     
     03C0 AEC6     
     03C2 8406     
     03C4 93C1     
     03C6 1AEA     
     03C8 5F0A     
     03CA C08E     
     03CC A08E     
     03CE E63E     
     03D0 F9D3     
     03D2 BF08     
     03D4 C979     
     03D6 5DFF     
     03D8 D0A3     
     03DA 82D0     
     03DC 9F16     
     03DE E504     
     03E0 CCC3     
     03E2 4CC3     
     03E4 0E3B     
     03E6 BDB1     
     03E8 4D41     
     03EA 26B9     
     03EC C2FA     
     03EE C29E     
     03F0 C33A     
     03F2 C3F9     
     03F4 ADBA     
     03F6 FA34     
     03F8 01D6     
     03FA 1422     
     03FC FFF0     
     03FE 3202     
     0400 82FD     
     0402 8E16     
     0404 29EA     
     0406 FEEC     
     0408 0209     
     040A FE14     
     040C 72C0     
     040E 19F0     
     0410 D2C8     
     0412 C52A     
     0414 1B64     
     0416 EEB1     
     0418 AC89     
     041A 3513     
     041C E048     
     041E A913     
     0420 DCAE     
     0422 2206     
     0424 C1B3     
     0426 81B9     
     0428 A8A4     
     042A 6436     
     042C 8D33     
     042E 000F     
     0430 BD4A     
     0432 ECE2     
     0434 0899     
     0436 1438     
     0438 47B5     
     043A E110     
     043C F711     
     043E 940A     
     0440 68FF     
     0442 844C     
     0444 E083     
     0446 C4D2     
     0448 D111     
     044A E0E8     
     044C EAD0     
     044E 0416     
     0450 E994     
     0452 4A1B     
     0454 531D     
     0456 F08A     
     0458 1446     
     045A A96E     
     045C AA68     
     045E 20FC     
     0460 E594     
     0462 B752     
     0464 BCD3     
     0466 91D6     
     0468 19E5     
     046A 35C3     
     046C C19E     
     046E D84C     
     0470 B360     
     0472 E1A1     
     0474 D0FA     
     0476 BCD0     
     0478 D2C1     
     047A 2EB1     
     047C 6486     
     047E 9881     
     0480 54A5     
     0482 94DA     
     0484 FD83     
     0486 A143     
     0488 A66E     
     048A 0CD1     
     048C 0582     
     048E 06AB     
     0490 E18F     
     0492 FF8B     
     0494 B88A     
     0496 5C91     
     0498 A888     
     049A 10CC     
     049C 8D99     
     049E 9053     
     04A0 6F6B     
     04A2 6965     
     04A4 6F6D     
     04A6 6475     
     04A8 646F     
     04AA 7275     
     04AC 726F     
     04AE 6E77     
     04B0 636F     
     04B2 6973     
     04B4 647A     
     04B6 6975     
     04B8 6578     
     04BA 0000     
     04BC 14D8     
     04BE B411     
     04C0 1072     
     04C2 D109     
     04C4 A312     
     04C6 FD60     
     04C8 6F41     
     04CA 42A5     
     04CC 4615     
     04CE 0610     
     04D0 0FC1     
     04D2 41A1     
     04D4 44D1     
     04D6 95C1     
     04D8 E9F4     
     04DA D055     
     04DC 0584     
     04DE 9AF9     
     04E0 9146     
     04E2 1302     
     04E4 D046     
     04E6 0981     
     04E8 0985     
     04EA 6045     
     04EC D0AA     
     04EE DD03     
     04F0 EFB5     
     04F2 43AD     
     04F4 E081     
     04F6 C75D     
     04F8 31AA     
     04FA F409     
     04FC 9A0D     
     04FE 0AA6     
     0500 0AA9     
     0502 0D07     
     0504 AB0C     
     0506 045E     
     0508 87F0     
     050A 816A     
     050C 0B16     
     050E 0202     
     0510 0200     
     0512 01C0     
     0514 4204     
     0516 5BCC     
     0518 40CC     
     051A 42CC     
     051C 43CC     
     051E 4445     
     0520 AA46     
     0522 47AA     
     0524 4849     
     0526 AA4A     
     0528 4BAA     
     052A 4C4D     
     052C A84E     
     052E 524F     
     0530 0201     
     0532 0000     
     0534 045B     
     0536 C3C1     
     0538 C042     
     053A C03F     
     053C C0BF     
     053E C0FF     
     0540 C13F     
     0542 C17F     
     0544 C1AA     
     0546 C1C2     
     0548 AAC2     
     054A C2AA     
     054C C2C3     
     054E AAC3     
     0550 C38E     
     0552 C3DF     
     0554 B9B4     
     0556 C069     
     0558 60A3     
     055A 60C8     
     055C 43CE     
     055E 0446     
     0560 65ED     
     0562 A890     
     0564 31E9     
     0566 B5B5     
     0568 E38F     
     056A 09C8     
     056C C27F     
     056E AEF0     
     0570 06F8     
     0572 A608     
     0574 9B0A     
     0576 0CAC     
     0578 A402     
     057A 69C8     
     057C D103     
     057E 0800     
     0580 CF6D     
     0582 9595     
     0584 6B98     
     0586 82BE     
     0588 BD12     
     058A DD95     
     058C D70B     
     058E 6342     
     0590 913F     
     0592 A0A1     
     0594 75CD     
     0596 3CA1     
     0598 D02D     
     059A 09A8     
     059C 4002     
     059E E0C0     
     05A0 A0D2     
     05A2 C4AD     
     05A4 D88B     
     05A6 184D     
     05A8 9808     
     05AA 64C3     
     05AC 82FF     
     05AE E4A0     
     05B0 F6C3     
     05B2 E87D     
     05B4 C51A     
     05B6 003B     
     05B8 02C3     
     05BA FF44     
     05BC 8B71     
     05BE 07FD     
     05C0 5B28     
     05C2 F0BB     
     05C4 ADD6     
     05C6 F551     
     05C8 0EA0     
     05CA 4CD6     
     05CC A111     
     05CE 3E05     
     05D0 8CEC     
     05D2 9BD0     
     05D4 DAC8     
     05D6 31E5     
     05D8 070D     
     05DA 1626     
     05DC D05A     
     05DE 151F     
     05E0 131E     
     05E2 9801     
     05E4 1628     
     05E6 1611     
     05E8 028C     
     05EA A898     
     05EC 053F     
     05EE B594     
     05F0 83A3     
     05F2 8CD7     
     05F4 EEBB     
     05F6 ADDB     
     05F8 F961     
     05FA DAA9     
     05FC DCAC     
     05FE 0315     
     0600 D20D     
     0602 FC8C     
     0604 3F0A     
     0606 D901     
     0608 DDEA     
     060A 42C7     
     060C C1D8     
     060E 02A3     
     0610 0B8A     
     0612 EC01     
     0614 BA06     
     0616 8C93     
     0618 0963     
     061A AD05     
     061C CA5C     
     061E 1121     
     0620 9CD5     
     0622 9094     
     0624 8AF4     
     0626 C334     
     0628 CA82     
     062A AC7D     
     062C CA88     
     062E B1CA     
     0630 848D     
     0632 C161     
     0634 8E39     
     0636 C3E5     
     0638 08A2     
     063A 424C     
     063C 14F6     
     063E C341     
     0640 C04C     
     0642 EDAC     
     0644 CA75     
     0646 8921     
     0648 916A     
     064A 0916     
     064C 2A10     
     064E 2A04     
     0650 C4C0     
     0652 CA05     
     0654 C38F     
     0656 AB4C     
     0658 9963     
     065A 35A3     
     065C 8FF5     
     065E E07F     
     0660 89E4     
     0662 47D1     
     0664 D195     
     0666 A490     
     0668 C21F     
     066A 8345     
     066C 1616     
     066E A3C9     
     0670 2ECD     
     0672 C099     
     0674 FDA0     
     0676 CDD5     
     0678 9B01     
     067A 0415     
     067C 061D     
     067E A9BE     
     0680 450A     
     0682 E535     
     0684 0AC4     
     0686 4FA3     
     0688 8DE3     
     068A 2A2D     
     068C C50E     
     068E 62A0     
     0690 0704     
     0692 C3DA     
     0694 C00F     
     0696 16D4     
     0698 C04F     
     069A 563C     
     069C A50C     
     069E 3350     
     06A0 58AA     
     06A2 C301     
     06A4 C2B0     
     06A6 43B2     
     06A8 2984     
     06AA C2B5     
     06AC 229C     
     06AE 7580     
     06B0 8F1A     
     06B2 8748     
     06B4 B021     
     06B6 8F8C     
     06B8 9CB1     
     06BA 4883     
     06BC 7DDC     
     06BE B306     
     06C0 0148     
     06C2 21AF     
     06C4 FFFF     
     06C6 FBE5     
     06C8 F059     
     06CA 5C74     
     06CC 7D94     
     06CE 3535     
     06D0 DDA9     
     06D2 05B5     
     06D4 1C63     
     06D6 9D1A     
     06D8 0292     
     06DA F17F     
     06DC 1B05     
     06DE 06C3     
     06E0 D6DD     
     06E2 99AE     
     06E4 C80E     
     06E6 E128     
     06E8 3FFF     
     06EA 6B12     
     06EC C103     
     06EE 0984     
     06F0 64C5     
     06F2 238E     
     06F4 8DD6     
     06F6 84C9     
     06F8 BFDA     
     06FA CDC5     
     06FC 2ABC     
     06FE CA25     
     0700 2B17     
     0702 8210     
     0704 1D02     
     0706 8400     
     0708 4016     
     070A 1507     
     070C 01D6     
     070E 810E     
     0710 FCE1     
     0712 90AA     
     0714 DC8C     
     0716 AC4F     
     0718 9EE6     
     071A 85B0     
     071C CAA0     
     071E 998C     
     0720 BE82     
     0722 DC34     
     0724 A04D     
     0726 D771     
     0728 C0D6     
     072A C474     
     072C 7D58     
     072E D2C4     
     0730 C0FA     
     0732 D6B1     
     0734 E8AD     
     0736 8B33     
     0738 857D     
     073A 4B24     
     073C 2244     
     073E D8A2     
     0740 3CAB     
     0742 2A6E     
     0744 89E0     
     0746 FEDA     
     0748 0263     
     074A 21C9     
     074C 00A6     
     074E 4ED7     
     0750 D43C     
     0752 F585     
     0754 9448     
     0756 B5FC     
     0758 5FF0     
     075A 55A2     
     075C A0CE     
     075E C19D     
     0760 020D     
     0762 1487     
     0764 0D42     
     0766 C683     
     0768 CA86     
     076A A764     
     076C 9DC3     
     076E 2E8A     
     0770 D9C2     
     0772 5CFE     
     0774 0581     
     0776 5CC2     
     0778 E031     
     077A E089     
     077C 6539     
     077E C685     
     0780 0695     
     0782 A049     
     0784 C701     
     0786 C8EB     
     0788 D0EC     
     078A F8AD     
     078C D093     
     078E C15A     
     0790 7981     
     0792 90AB     
     0794 C3C1     
     0796 6A3D     
     0798 CFE2     
     079A 8D00     
     079C DF82     
     079E 5DCD     
     07A0 7BCC     
     07A2 C85B     
     07A4 04C5     
     07A6 FD90     
     07A8 B4A1     
     07AA FAD7     
     07AC 80B8     
     07AE A14D     
     07B0 9DC3     
     07B2 DEBA     
     07B4 D98F     
     07B6 88AA     
     07B8 D44F     
     07BA F581     
     07BC A5C0     
     07BE 28B5     
     07C0 423C     
     07C2 A862     
     07C4 F519     
     07C6 46BC     
     07C8 AC90     
     07CA B4CD     
     07CC F810     
     07CE 8C78     
     07D0 346C     
     07D2 5F1D     
     07D4 DC35     
     07D6 76F4     
     07D8 4D02     
     07DA 0F23     
     07DC 5A04     
     07DE CCE0     
     07E0 0979     
     07E2 2C10     
     07E4 2398     
     07E6 0119     
     07E8 AC13     
     07EA 036D     
     07EC 9DC9     
     07EE 3D19     
     07F0 F570     
     07F2 E17C     
     07F4 B85A     
     07F6 3CDC     
     07F8 2071     
     07FA 62C1     
     07FC 18AE     
     07FE 74B7     
     0800 8C3D     
     0802 7E83     
     0804 F4D1     
     0806 C0FA     
     0808 79B9     
     080A D102     
     080C A872     
     080E 8B92     
     0810 054F     
     0812 CCB1     
     0814 851B     
     0816 AD05     
     0818 1821     
     081A 7EC1     
     081C D05F     
     081E 16DB     
     0820 5D50     
     0822 BFE2     
     0824 94F3     
     0826 794D     
     0828 4CBC     
     082A 10A3     
     082C 3CD8     
     082E B979     
     0830 8470     
     0832 E2A1     
     0834 196E     
     0836 3868     
     0838 B399     
     083A 90FE     
     083C 8C71     
     083E 4DC1     
     0840 1AD0     
     0842 1F16     
     0844 EB73     
     0846 9DBC     
     0848 18D6     
     084A 0018     
     084C 10A6     
     084E FC2D     
     0850 02C6     
     0852 6614     
     0854 C6C0     
     0856 7131     
     0858 0C16     
     085A E84C     
     085C 056E     
     085E 6EDD     
     0860 2288     
     0862 2135     
     0864 1A68     
     0866 22D4     
     0868 9306     
     086A 1395     
     086C A7B1     
     086E 0251     
     0870 C639     
     0872 2DA0     
     0874 C4A8     
     0876 A041     
     0878 A04E     
     087A 51FF     
     087C 5D60     
     087E 3018     
     0880 D3FC     
     0882 FA59     
     0884 7D8F     
     0886 7858     
     0888 1AB8     
     088A 47E8     
     088C D509     
     088E E1D0     
     0890 60FD     
     0892 BB60     
     0894 CFA0     
     0896 C3E9     
     0898 5359     
     089A C4F1     
     089C 5828     
     089E 0A68     
     08A0 0359     
     08A2 860A     
     08A4 1B0C     
     08A6 8404     
     08A8 FBA9     
     08AA D560     
     08AC 57C4     
     08AE AD17     
     08B0 2DA1     
     08B2 8EF7     
     08B4 9D55     
     08B6 0C07     
     08B8 A05D     
     08BA 164A     
     08BC 624D     
     08BE C20C     
     08C0 930A     
     08C2 47C5     
     08C4 DC75     
     08C6 0428     
     08C8 1747     
     08CA EBA1     
     08CC 75B6     
     08CE E84C     
     08D0 040A     
     08D2 0260     
     08D4 AFC1     
     08D6 11C0     
     08D8 C423     
     08DA 7D79     
     08DC 2437     
     08DE C4CF     
     08E0 0584     
     08E2 C444     
     08E4 C878     
     08E6 71C2     
     08E8 2900     
     08EA 5842     
     08EC ABF2     
     08EE 419D     
     08F0 7309     
     08F2 1B64     
     08F4 06DD     
     08F6 B521     
     08F8 62C0     
     08FA ADAA     
     08FC 0846     
     08FE C0B5     
     0900 0570     
     0902 BDD4     
     0904 B1D8     
     0906 C771     
     0908 A7A3     
     090A AD62     
     090C CB4E     
     090E D5F9     
     0910 66FD     
     0912 0024     
     0914 12EC     
     0916 B42B     
     0918 7D0F     
     091A AB0D     
     091C 8423     
     091E E0E4     
     0920 021D     
     0922 0CA1     
     0924 04C0     
     0926 241C     
     0928 6004     
     092A 501F     
     092C 901C     
     092E CE1C     
     0930 A81C     
     0932 DA1E     
     0934 381E     
     0936 9C1E     
     0938 B21E     
     093A CE1F     
     093C 0A1E     
     093E 1C1E     
     0940 2495     
     0942 A486     
     0944 1F3E     
     0946 1D58     
     0948 1D90     
     094A 1DCC     
     094C 1DEC     
     094E 1F48     
     0950 1F5A     
     0952 6A86     
     0954 2014     
     0956 2022     
     0958 205A     
     095A 2068     
     095C 1E4E     
     095E 1E72     
     0960 ECA9     
     0962 7EA0     
     0964 921D     
     0966 1C38     
     0968 C620     
     096A DA20     
     096C EA20     
     096E FA21     
     0970 9BD3     
     0972 EEC0     
     0974 A8AE     
     0976 0148     
     0978 8C20     
     097A 866B     
     097C F48C     
     097E 76E9     
     0980 3D2A     
     0982 18AE     
     0984 ED30     
     0986 F080     
     0988 2FF0     
     098A 076F     
     098C F940     
     098E D51A     
     0990 EC76     
     0992 8108     
     0994 F294     
     0996 AB38     
     0998 C2E2     
     099A B819     
     099C 460C     
     099E 0ED1     
     09A0 C07E     
     09A2 E823     
     09A4 C023     
     09A6 0729     
     09A8 87A4     
     09AA 8BB4     
     09AC 6EF7     
     09AE E040     
     09B0 881A     
     09B2 6A8D     
     09B4 CB41     
     09B6 F651     
     09B8 C0B9     
     09BA C3B4     
     09BC C4BC     
     09BE C801     
     09C0 4AC0     
     09C2 D61B     
     09C4 DD3E     
     09C6 C1A0     
     09C8 FD70     
     09CA 8ACA     
     09CC 93FF     
     09CE 0208     
     09D0 288C     
     09D2 C10E     
     09D4 4FA0     
     09D6 37C0     
     09D8 8889     
     09DA 2062     
     09DC 4690     
     09DE 08E2     
     09E0 911F     
     09E2 A653     
     09E4 F8DC     
     09E6 907F     
     09E8 948A     
     09EA 80C1     
     09EC 3CA5     
     09EE EA01     
     09F0 7882     
     09F2 658B     
     09F4 07C1     
     09F6 02A1     
     09F8 02A1     
     09FA 2DC5     
     09FC E80C     
     09FE 40F5     
     0A00 B93D     
     0A02 A8DF     
     0A04 A0A8     
     0A06 F378     
     0A08 5A9D     
     0A0A 0208     
     0A0C 8C1B     
     0A0E B81E     
     0A10 89C0     
     0A12 A538     
     0A14 7EF4     
     0A16 FDC1     
     0A18 CDB8     
     0A1A F2A0     
     0A1C 9A03     
     0A1E 93A6     
     0A20 8F83     
     0A22 1421     
     0A24 B0F8     
     0A26 8DC0     
     0A28 741E     
     0A2A 2D28     
     0A2C 5AC0     
     0A2E A7A0     
     0A30 C23C     
     0A32 C9CC     
     0A34 508C     
     0A36 13A0     
     0A38 AC68     
     0A3A 60CE     
     0A3C 24B8     
     0A3E 6C14     
     0A40 87D8     
     0A42 E3BC     
     0A44 1B0E     
     0A46 3FA4     
     0A48 D818     
     0A4A FF1A     
     0A4C BAE9     
     0A4E ACC6     
     0A50 3897     
     0A52 6024     
     0A54 4CE7     
     0A56 DD0C     
     0A58 384E     
     0A5A A7BC     
     0A5C 0ACA     
     0A5E 82E1     
     0A60 EDC8     
     0A62 B516     
     0A64 4BC4     
     0A66 C8D9     
     0A68 54A3     
     0A6A 1C21     
     0A6C 7887     
     0A6E C141     
     0A70 294E     
     0A72 0782     
     0A74 FD43     
     0A76 C103     
     0A78 07C0     
     0A7A 68C0     
     0A7C D2C3     
     0A7E 3CE9     
     0A80 7C83     
     0A82 0545     
     0A84 ED38     
     0A86 1388     
     0A88 13A1     
     0A8A 8D45     
     0A8C 6AC5     
     0A8E F384     
     0A90 981B     
     0A92 F572     
     0A94 7D44     
     0A96 539C     
     0A98 2D8E     
     0A9A 7668     
     0A9C 3D10     
     0A9E 11DC     
     0AA0 7574     
     0AA2 85F8     
     0AA4 505C     
     0AA6 D072     
     0AA8 51DC     
     0AAA 22CB     
     0AAC 6A3C     
     0AAE DD78     
     0AB0 D09A     
     0AB2 C12D     
     0AB4 2423     
     0AB6 130F     
     0AB8 9494     
     0ABA DD08     
     0ABC D126     
     0ABE 3917     
     0AC0 C10A     
     0AC2 EFAC     
     0AC4 B501     
     0AC6 F03C     
     0AC8 98F0     
     0ACA EF16     
     0ACC D25C     
     0ACE E928     
     0AD0 4106     
     0AD2 3680     
     0AD4 A607     
     0AD6 8E03     
     0AD8 E4BE     
     0ADA 3E75     
     0ADC 396C     
     0ADE CB45     
     0AE0 0860     
     0AE2 60B6     
     0AE4 0158     
     0AE6 18C1     
     0AE8 C3ED     
     0AEA AA30     
     0AEC 9FFC     
     0AEE 0C24     
     0AF0 4820     
     0AF2 AB4E     
     0AF4 C1FA     
     0AF6 B034     
     0AF8 5C35     
     0AFA 981C     
     0AFC 1C00     
     0AFE 1632     
     0B00 24F4     
     0B02 F4A9     
     0B04 2869     
     0B06 238A     
     0B08 1BFE     
     0B0A 8306     
     0B0C 9C3C     
     0B0E 4650     
     0B10 B56D     
     0B12 2A38     
     0B14 25AA     
     0B16 0C15     
     0B18 2EA0     
     0B1A FD75     
     0B1C CDC4     
     0B1E CE2B     
     0B20 41C5     
     0B22 0964     
     0B24 75D7     
     0B26 8D94     
     0B28 18DC     
     0B2A 804E     
     0B2C 0516     
     0B2E F88A     
     0B30 4D07     
     0B32 3510     
     0B34 4B6A     
     0B36 5405     
     0B38 6D01     
     0B3A 38B4     
     0B3C 0C10     
     0B3E 5AD0     
     0B40 9C08     
     0B42 8210     
     0B44 53D7     
     0B46 FC4A     
     0B48 4473     
     0B4A 8ECB     
     0B4C 42F9     
     0B4E 4D08     
     0B50 C650     
     0B52 5BAB     
     0B54 227C     
     0B56 3410     
     0B58 3D93     
     0B5A D897     
     0B5C F50E     
     0B5E 0540     
     0B60 4080     
     0B62 102F     
     0B64 96D8     
     0B66 0EE0     
     0B68 8E10     
     0B6A 15E0     
     0B6C 5A28     
     0B6E 2D1F     
     0B70 3144     
     0B72 88C0     
     0B74 2A97     
     0B76 0240     
     0B78 000F     
     0B7A 1301     
     0B7C 0ACD     
     0B7E 447E     
     0B80 78B8     
     0B82 56B6     
     0B84 08E4     
     0B86 0B2D     
     0B88 678D     
     0B8A 131D     
     0B8C CB69     
     0B8E F108     
     0B90 B321     
     0B92 B402     
     0B94 9AAD     
     0B96 266A     
     0B98 56A8     
     0B9A C5C5     
     0B9C 6A85     
     0B9E 7585     
     0BA0 CB4F     
     0BA2 AC04     
     0BA4 CCE3     
     0BA6 7DF5     
     0BA8 CA85     
     0BAA D381     
     0BAC D88D     
     0BAE 1C24     
     0BB0 5248     
     0BB2 A50E     
     0BB4 33C5     
     0BB6 C515     
     0BB8 90B8     
     0BBA B1F0     
     0BBC A80C     
     0BBE 0831     
     0BC0 5CB8     
     0BC2 B55E     
     0BC4 F949     
     0BC6 78C5     
     0BC8 232C     
     0BCA C3A0     
     0BCC A82D     
     0BCE 022E     
     0BD0 0888     
     0BD2 C24A     
     0BD4 05C9     
     0BD6 2DB1     
     0BD8 2F06     
     0BDA 54A3     
     0BDC 0D06     
     0BDE FCBF     
     0BE0 0A9D     
     0BE2 45EE     
     0BE4 C4C3     
     0BE6 354F     
     0BE8 0CD0     
     0BEA DCD6     
     0BEC 8388     
     0BEE B509     
     0BF0 5D68     
     0BF2 A216     
     0BF4 0404     
     0BF6 EE08     
     0BF8 604B     
     0BFA 8A10     
     0BFC 2DD0     
     0BFE 0313     
     0C00 1AD0     
     0C02 4308     
     0C04 AD64     
     0C06 3006     
     0C08 6CAE     
     0C0A 14D1     
     0C0C D1A8     
     0C0E 28A4     
     0C10 F91E     
     0C12 1250     
     0C14 6222     
     0C16 C04E     
     0C18 A043     
     0C1A D85A     
     0C1C 0F05     
     0C1E 83CB     
     0C20 83D1     
     0C22 1369     
     0C24 00AF     
     0C26 A9D8     
     0C28 E58B     
     0C2A CC2E     
     0C2C B8E1     
     0C2E 16B8     
     0C30 F86D     
     0C32 9DAE     
     0C34 04EA     
     0C36 044C     
     0C38 2AA4     
     0C3A 8709     
     0C3C B01D     
     0C3E 0A7B     
     0C40 541C     
     0C42 8CBC     
     0C44 6280     
     0C46 AE04     
     0C48 C9D4     
     0C4A 75A9     
     0C4C 38D2     
     0C4E DB8D     
     0C50 375A     
     0C52 10D7     
     0C54 CF48     
     0C56 D463     
     0C58 CCB0     
     0C5A 7D06     
     0C5C 7A84     
     0C5E C0F3     
     0C60 F145     
     0C62 A6F4     
     0C64 0816     
     0C66 049D     
     0C68 4302     
     0C6A 4106     
     0C6C F8EC     
     0C6E 3343     
     0C70 16FC     
     0C72 BC09     
     0C74 A4A1     
     0C76 04A3     
     0C78 AA05     
     0C7A F3DB     
     0C7C E417     
     0C7E 1CA6     
     0C80 6EE7     
     0C82 E199     
     0C84 1022     
     0C86 CBB3     
     0C88 D845     
     0C8A 7275     
     0C8C 04A2     
     0C8E 2331     
     0C90 04DE     
     0C92 0A8C     
     0C94 9D01     
     0C96 2E05     
     0C98 B804     
     0C9A 75A7     
     0C9C C513     
     0C9E 5E4D     
     0CA0 280B     
     0CA2 057C     
     0CA4 DC4D     
     0CA6 E56E     
     0CA8 0868     
     0CAA D63C     
     0CAC 67D0     
     0CAE 1C13     
     0CB0 4B5D     
     0CB2 8C56     
     0CB4 B4AD     
     0CB6 FA68     
     0CB8 34C4     
     0CBA C0A5     
     0CBC A964     
     0CBE E2E9     
     0CC0 F90C     
     0CC2 BC0A     
     0CC4 11B1     
     0CC6 686D     
     0CC8 F94C     
     0CCA 6A90     
     0CCC 1052     
     0CCE 4E65     
     0CD0 7869     
     0CD2 7400     
     0CD4 6CF8     
     0CD6 85AA     
     0CD8 3C30     
     0CDA 003A     
     0CDC 005F     
     0CDE 3B00     
     0CE0 2B00     
     0CE2 2D2A     
     0CE4 AA2F     
     0CE6 250E     
     0CE8 6472     
     0CEA 6F70     
     0CEC F756     
     0CEE 7570     
     0CF0 0070     
     0CF2 6963     
     0CF4 6B72     
     0CF6 005F     
     0CF8 696D     
     0CFA 6D65     
     0CFC 648B     
     0CFE 6174     
     0D00 7441     
     0D02 B643     
     0D04 21F1     
     0D06 7E73     
     0D08 7761     
     0D0A C9B9     
     0D0C A274     
     0D0E 6A6D     
     0D10 FEF8     
     0D12 7F8A     
     0D14 2728     
     0D16 8E3E     
     0D18 72D7     
     0D1A 783E     
     0D1C 003D     
     0D1E C3E2     
     0D20 7973     
     0D22 8C5F     
     0D24 002C     
     0D26 2C00     
     0D28 6B65     
     0D2A 7936     
     0D2C EDDF     
     0D2E 23D2     
     0D30 3F3F     
     0D32 7B7C     
     0D34 005E     
     0D36 233C     
     0D38 EFAF     
     0D3A B55F     
     0D3C D79A     
     0D3E 6372     
     0D40 616C     
     0D42 3E00     
     0D44 68C1     
     0D46 4CBB     
     0D48 7367     
     0D4A 74B9     
     0D4C E363     
     0D4E 3DF8     
     0D50 636F     
     0D52 6D89     
     0D54 C7E3     
     0D56 6E67     
     0D58 BB70     
     0D5A 6FEE     
     0D5C D5F9     
     0D5E 6ED9     
     0D60 3B64     
     0D62 7322     
     0D64 B6F8     
     0D66 B179     
     0D68 2065     
     0D6A 6D91     
     0D6C E820     
     0D6E 3020     
     0D70 3A39     
     0D72 203B     
     0D74 0D0A     
     0D76 E1E1     
     0D78 2E20     
     0D7A 31E6     
     0D7C E073     
     0D7E E16C     
     0D80 6C20     
     0D82 32E0     
     0D84 8F71     
     0D86 75A7     
     0D88 8EC1     
     0D8A 3238     
     0D8C DC0F     
     0D8E EFEA     
     0D90 4FDE     
     0D92 3913     
     0D94 87E1     
     0D96 636C     
     0D98 7564     
     0D9A 6588     
     0D9C B533     
     0D9E 3058     
     0DA0 FE61     
     0DA2 76DC     
     0DA4 4C4B     
     0DA6 21B7     
     0DA8 180F     
     0DAA 9AE8     
     0DAC 4062     
     0DAE 4040     
     0DB0 4A2C     
     0DB2 622C     
     0DB4 2C4A     
     0DB6 2377     
     0DB8 35C8     
     0DBA A0A3     
     0DBC 6A09     
     0DBE 3634     
     0DC0 DF9A     
     0DC2 BB9F     
     0DC4 E2AC     
     0DC6 695B     
     0DC8 D830     
     0DCA 3A48     
     0DCC B23B     
     0DCE 3C0F     
     0DD0 C2AA     
     0DD2 5D31     
     0DD4 53F3     
     0DD6 D6E6     
     0DD8 7BC8     
     0DDA 20CE     
     0DDC E08A     
     0DDE 3BC7     
     0DE0 2BBF     
     0DE2 C0F9     
     0DE4 9DE9     
     0DE6 E82D     
     0DE8 A42D     
     0DEA B66F     
     0DEC 5FED     
     0DEE 72E4     
     0DF0 7ED4     
     0DF2 DE6F     
     0DF4 2B8B     
     0DF6 5B3E     
     0DF8 6D68     
     0DFA 6E72     
     0DFC 9ED7     
     0DFE 5CF2     
     0E00 65DA     
     0E02 0FAB     
     0E04 9BDC     
     0E06 2BCC     
     0E08 DAEF     
     0E0A BFDB     
     0E0C 2DD8     
     0E0E 4B3C     
     0E10 B448     
     0E12 E68B     
     0E14 E8E3     
     0E16 3ECA     
     0E18 F2E3     
     0E1A CCE7     
     0E1C 3D20     
     0E1E FFF6     
     0E20 CBFA     
     0E22 EDCC     
     0E24 3FCD     
     0E26 FABC     
     0E28 CD2B     
     0E2A 9CBC     
     0E2C 3D9A     
     0E2E FFF1     
     0E30 E0FF     
     0E32 CF6D     
     0E34 FDE8     
     0E36 2D6E     
     0E38 EEDB     
     0E3A E0B0     
     0E3C 6B21     
     0E3E FEEB     
     0E40 DEE4     
     0E42 6D63     
     0E44 AD76     
     0E46 3323     
     0E48 F8A0     
     0E4A F130     
     0E4C F2D0     
     0E4E 8862     
     0E50 8733     
     0E52 3266     
     0E54 4420     
     0E56 2E2E     
     0E58 F9F3     
     0E5A E4B7     
     0E5C 68F3     
     0E5E 2BAB     
     0E60 685C     
     0E62 9AB4     
     0E64 61FD     
     0E66 B963     
     0E68 E382     
     0E6A 703E     
     0E6C 7661     
     0E6E 87D5     
     0E70 2E27     
     0E72 2086     
     0E74 B92C     
     0E76 A8BC     
     0E78 35B6     
     0E7A FCE6     
     0E7C DFCA     
     0E7E D873     
     0E80 087D     
     0E82 87CF     
     0E84 DAE9     
     0E86 E1DF     
     0E88 7EF9     
     0E8A FDBC     
     0E8C 19CE     
     0E8E 616E     
     0E90 74F0     
     0E92 9E3A     
     0E94 BE1C     
     0E96 33F8     
     0E98 D79C     
     0E9A 7DDA     
     0E9C 675F     
     0E9E 626C     
     0EA0 65F7     
     0EA2 9CF8     
     0EA4 F096     
     0EA6 BD2C     
     0EA8 5EDD     
     0EAA 088D     
     0EAC 6567     
     0EAE 789D     
     0EB0 B2D3     
     0EB2 E659     
     0EB4 F661     
     0EB6 6761     
     0EB8 CDCE     
     0EBA D5B7     
     0EBC BCCE     
     0EBE F5C2     
     0EC0 9A75     
     0EC2 6E74     
     0EC4 926C     
     0EC6 E130     
     0EC8 C067     
     0ECA 7B20     
     0ECC 285A     
     0ECE 172D     
     0ED0 B629     
     0ED2 4A0F     
     0ED4 B4F7     
     0ED6 E9D9     
     0ED8 E4F3     
     0EDA 2223     
     0EDC 787D     
     0EDE 879E     
     0EE0 7F9F     
     0EE2 A81B     
     0EE4 E2F5     
     0EE6 F2FD     
     0EE8 E88A     
     0EEA FBF2     
     0EEC 3D24     
     0EEE B6DD     
     0EF0 F4F7     
     0EF2 9C53     
     0EF4 0AD8     
     0EF6 EA1D     
     0EF8 1FA9     
     0EFA AF8D     
     0EFC 4958     
     0EFE 54C7     
     0F00 E07F     
     0F02 F648     
     0F04 4FF2     
     0F06 7F9F     
     0F08 BCD6     
     0F0A 7E5F     
     0F0C 5A5F     
     0F0E 15B9     
     0F10 E773     
     0F12 56B9     
     0F14 6E52     
     0F16 BF7B     
     0F18 86FF     
     0F1A 62F3     
     0F1C 1EC7     
     0F1E 9C3F     
     0F20 DE76     
     0F22 4DD0     
     0F24 7FF6     
     0F26 0CB8     
     0F28 B366     
     0F2A 8E3D     
     0F2C 36EB     
     0F2E EE6A     
     0F30 203E     
     0F32 6E6C     
     0F34 3BF1     
     0F36 73AF     
     0F38 F680     
     0F3A 1A5F     
     0F3C 87D6     
     0F3E AC6E     
     0F40 656C     
     0F42 735E     
     0F44 7C60     
     0F46 378C     
     0F48 D978     
     0F4A 783C     
     0F4C 08F1     
     0F4E 6669     
     0F50 C27D     
     0F52 E774     
     0F54 8AC5     
     0F56 8F62     
     0F58 EDD6     
     0F5A B281     
     0F5C 6AA5     
     0F5E 3208     
     0F60 FF64     
     0F62 6FC9     
     0F64 2C37     
     0F66 204D     
     0F68 E41C     
     0F6A 32A9     
     0F6C A9D6     
     0F6E 2B50     
     0F70 1D21     
     0F72 EE3D     
     0F74 16A4     
     0F76 313E     
     0F78 C68C     
     0F7A 3D64     
     0F7C D2D3     
     0F7E C85F     
     0F80 E05E     
     0F82 0E17     
     0F84 C348     
     0F86 3710     
     0F88 67DA     
     0F8A D6A2     
     0F8C 3473     
     0F8E 2224     
     0F90 28B5     
     0F92 409C     
     0F94 4E1F     
     0F96 9E59     
     0F98 EE33     
     0F9A 3270     
     0F9C CC2A     
     0F9E 1B5A     
     0FA0 48D4     
     0FA2 8A33     
     0FA4 34FD     
     0FA6 3DA0     
     0FA8 FDF2     
     0FAA 7835     
     0FAC 92D4     
     0FAE D32D     
     0FB0 0075     
     0FB2 FF38     
     0FB4 90C3     
     0FB6 C8C6     
     0FB8 4DAA     
     0FBA 7FC6     
     0FBC 8D2E     
     0FBE 5996     
     0FC0 DDB6     
     0FC2 682E     
     0FC4 0777     
     0FC6 567B     
     0FC8 8027     
     0FCA 060E     
     0FCC 3F83     
     0FCE 74DC     
     0FD0 B65E     
     0FD2 2A4D     
     0FD4 0FAA     
     0FD6 8724     
     0FD8 F1EF     
     0FDA 1EB5     
     0FDC 0055     
     0FDE 58       
0134               
0135               
0136                       DORG >1000
0137               UNZIP_DATA
0138 1000                  BSS 1
0139                       END
