ASM990 2.4.6                                Sun Jan 18 21:37:56 2026 Page 0001


0000          1          RORG >0000
0000 1000     2          DATA >1000          ; >1000 is the workspace pointer
0002 0080     3          DATA >0080          ; >0080 is the start of the program
              4  
0080          5          RORG >0080
0080 0202     6  TOP     LI 2,>0200          ; Store the text address in R3
0082 0200 
0084 0203     7          LI 3,>F000          ; Store the MMIO THRE address in R3
0086 F000 
0088 0204     8          LI 4,>F002          ; Store the MMIO THRL address in R4
008A F002 
              9  
008C C053    10  PR1     MOV *3, 1           ; Load R1 with the value pointed at
008E 0241    11          ANDI 1, >0001       ; Do an AND to eliminate everything
0090 0001 
0092 16FC    12          JNE PR1             ; If equal to 0, loop back and test
0094 C052    13          MOV *2, 1           ; Load R1 with value pointed at by 
0096 C501    14          MOV 1, *4           ; Move the value into THRL
             15  
0098 05C2    16  TST     INCT 2              ; Increment R2 by a word
009A C052    17          MOV *2, 1           ; Load R1 with value pointed at by 
009C 13F1    18          JEQ TOP             ; If zero, restart the whole loop
009E 10F6    19          JMP PR1             ; Else, run the print loop again
             20  
0200         21          RORG >0200
0200 0048    22          DATA >0048          ; ASCII "H"
0202 0045    23          DATA >0045          ; ASCII "E"
0204 004C    24          DATA >004C          ; ASCII "L"
0206 004C    25          DATA >004C          ; ASCII "L"
0208 004F    26          DATA >004F          ; ASCII "O"
020A 0052    27          DATA >0052          ; ASCII "R"
020C 004C    28          DATA >004C          ; ASCII "L"
020E 0044    29          DATA >0044          ; ASCII "D"
0210 0021    30          DATA >0021          ; ASCII "!"
0212 000A    31          DATA >000A          ; LF
0214 000D    32          DATA >000D          ; CR
0216 0000    33          DATA >0000          ; Null terminator
             34  
             35          END
ASM990 2.4.6                                Sun Jan 18 21:37:56 2026 Page 0002


PR1      008C'  R0       0000   R1       0001   R10      000A   R11      000B   
R12      000C   R13      000D   R14      000E   R15      000F   R2       0002   
R3       0003   R4       0004   R5       0005   R6       0006   R7       0007   
R8       0008   R9       0009   TOP      0080'  TST      0098'  

0 Errors in assembly
